19:57:22 **** Build of configuration Debug for project 10_adc_continuous_conversion ****
make -j12 all 
arm-none-eabi-gcc "../Src/adc.c" -mcpu=cortex-m4 -std=gnu11 -g3 -DDEBUG -DSTM32 -DSTM32F4 -DSTM32F411CEUx -DSTM32F411xE -c -I../Inc -I"C:/Users/harini gopalakannan/OneDrive/文件/stm32_document_workspace/chip_headers/CMSIS/Device/ST/STM32F4xx/Include" -I"C:/Users/harini gopalakannan/OneDrive/文件/stm32_document_workspace/chip_headers/CMSIS/Include" -O0 -ffunction-sections -fdata-sections -Wall -fstack-usage -fcyclomatic-complexity -MMD -MP -MF"Src/adc.d" -MT"Src/adc.o" --specs=nano.specs -mfpu=fpv4-sp-d16 -mfloat-abi=hard -mthumb -o "Src/adc.o"
arm-none-eabi-gcc "../Src/main.c" -mcpu=cortex-m4 -std=gnu11 -g3 -DDEBUG -DSTM32 -DSTM32F4 -DSTM32F411CEUx -DSTM32F411xE -c -I../Inc -I"C:/Users/harini gopalakannan/OneDrive/文件/stm32_document_workspace/chip_headers/CMSIS/Device/ST/STM32F4xx/Include" -I"C:/Users/harini gopalakannan/OneDrive/文件/stm32_document_workspace/chip_headers/CMSIS/Include" -O0 -ffunction-sections -fdata-sections -Wall -fstack-usage -fcyclomatic-complexity -MMD -MP -MF"Src/main.d" -MT"Src/main.o" --specs=nano.specs -mfpu=fpv4-sp-d16 -mfloat-abi=hard -mthumb -o "Src/main.o"
arm-none-eabi-gcc -o "10_adc_continuous_conversion.elf" @"objects.list"   -mcpu=cortex-m4 -T"C:\Users\harini gopalakannan\OneDrive\文件\stm32_document_workspace\10_adc_continuous_conversion\STM32F411CEUX_FLASH.ld" --specs=nosys.specs -Wl,-Map="10_adc_continuous_conversion.map" -Wl,--gc-sections -static --specs=nano.specs -mfpu=fpv4-sp-d16 -mfloat-abi=hard -mthumb -Wl,--start-group -lc -lm -Wl,--end-group
Finished building target: 10_adc_continuous_conversion.elf
 
arm-none-eabi-size  10_adc_continuous_conversion.elf 
arm-none-eabi-objdump -h -S 10_adc_continuous_conversion.elf  > "10_adc_continuous_conversion.list"
   text	   data	    bss	    dec	    hex	filename
   5364	     92	   1908	   7364	   1cc4	10_adc_continuous_conversion.elf
Finished building: default.size.stdout
 
Finished building: 10_adc_continuous_conversion.list
 

19:57:23 Build Finished. 0 errors, 0 warnings. (took 989ms)

