19:36:34 **** Incremental Build of configuration Debug for project 15_inputinterrupt ****
make -j12 all 
arm-none-eabi-gcc "../Src/main.c" -mcpu=cortex-m4 -std=gnu11 -g3 -DDEBUG -DSTM32 -DSTM32F4 -DSTM32F411CEUx -DSTM32F411xE -c -I../Inc -I"C:/Users/harini gopalakannan/OneDrive/文件/stm32_document_workspace/chip_headers/CMSIS/Device/ST/STM32F4xx/Include" -I"C:/Users/harini gopalakannan/OneDrive/文件/stm32_document_workspace/chip_headers/CMSIS/Include" -O0 -ffunction-sections -fdata-sections -Wall -fstack-usage -fcyclomatic-complexity -MMD -MP -MF"Src/main.d" -MT"Src/main.o" --specs=nano.specs -mfpu=fpv4-sp-d16 -mfloat-abi=hard -mthumb -o "Src/main.o"
arm-none-eabi-gcc -o "15_inputinterrupt.elf" @"objects.list"   -mcpu=cortex-m4 -T"C:\Users\harini gopalakannan\OneDrive\文件\stm32_document_workspace\15_inputinterrupt\STM32F411CEUX_FLASH.ld" --specs=nosys.specs -Wl,-Map="15_inputinterrupt.map" -Wl,--gc-sections -static --specs=nano.specs -mfpu=fpv4-sp-d16 -mfloat-abi=hard -mthumb -Wl,--start-group -lc -lm -Wl,--end-group
Finished building target: 15_inputinterrupt.elf
 
arm-none-eabi-size  15_inputinterrupt.elf 
arm-none-eabi-objdump -h -S 15_inputinterrupt.elf  > "15_inputinterrupt.list"
   text	   data	    bss	    dec	    hex	filename
   5488	     92	   1900	   7480	   1d38	15_inputinterrupt.elf
Finished building: default.size.stdout
 
Finished building: 15_inputinterrupt.list
 

19:36:35 Build Finished. 0 errors, 0 warnings. (took 826ms)

